Daemon process terminated and closed the connection

Messages from the log:
[NX v20.5.0 Daemon Server] - 2025-03-09T13:36:21.205Z - [REQUEST]: 
[NX v20.5.0 Daemon Server] - 2025-03-09T13:36:21.934Z - Established a connection. Number of open connections: 1
[NX v20.5.0 Daemon Server] - 2025-03-09T13:36:21.936Z - Established a connection. Number of open connections: 2
[NX v20.5.0 Daemon Server] - 2025-03-09T13:36:21.936Z - Established a connection. Number of open connections: 3
[NX v20.5.0 Daemon Server] - 2025-03-09T13:36:21.945Z - Time taken for 'hash changed files from watcher' 164.49909999998636ms
[NX v20.5.0 Daemon Server] - 2025-03-09T13:36:21.945Z - Closed a connection. Number of open connections: 2
[NX v20.5.0 Daemon Server] - 2025-03-09T13:36:21.945Z - Closed a connection. Number of open connections: 1
[NX v20.5.0 Daemon Server] - 2025-03-09T13:36:21.953Z - [REQUEST]: Client Request for Project Graph Received
[NX v20.5.0 Daemon Server] - 2025-03-09T13:36:22.408Z - [REQUEST]: Updated workspace context based on watched changes, recomputing project graph...
[NX v20.5.0 Daemon Server] - 2025-03-09T13:36:22.409Z - [REQUEST]: package.json
[NX v20.5.0 Daemon Server] - 2025-03-09T13:36:22.409Z - [REQUEST]: 
[NX v20.5.0 Daemon Server] - 2025-03-09T13:36:22.666Z - Time taken for 'hash changed files from watcher' 1.1339999999909196ms
[NX v20.5.0 Daemon Server] - 2025-03-09T13:36:22.749Z - [WATCHER]: Processing file changes in outputs
[NX v20.5.0 Daemon Server] - 2025-03-09T13:36:22.749Z - [WATCHER]: Processing file changes in outputs
[NX v20.5.0 Daemon Server] - 2025-03-09T13:36:22.780Z - [WATCHER]: package-lock.json was modified
[NX v20.5.0 Daemon Server] - 2025-03-09T13:36:22.785Z - [WATCHER]: Stopping the watcher for C:\Users\RamazanGR\Documents\mentoring-base (sources)
[NX v20.5.0 Daemon Server] - 2025-03-09T13:36:22.785Z - Closed a connection. Number of open connections: 0
[NX v20.5.0 Daemon Server] - 2025-03-09T13:36:22.790Z - [WATCHER]: Stopping the watcher for C:\Users\RamazanGR\Documents\mentoring-base (outputs)
[NX v20.5.0 Daemon Server] - 2025-03-09T13:36:23.501Z - Server stopped because: "LOCK_FILES_CHANGED"



More information: c:\Users\RamazanGR\Documents\mentoring-base\.nx\workspace-data\d\daemon.log